[2026-03-17 14:55:17] Logging to demo_progress.log
[2026-03-17 14:55:17] Starting FER2013 pipeline
[2026-03-17 14:55:17] Loading FER2013 data
[2026-03-17 14:55:17] Reading FER2013 CSV from ../fer2013.csv
[2026-03-17 14:55:21] Parsed 10/40 rows from Training
[2026-03-17 14:55:21] Parsed 20/40 rows from Training
[2026-03-17 14:55:21] Parsed 30/40 rows from Training
[2026-03-17 14:55:21] Parsed 40/40 rows from Training
[2026-03-17 14:55:21] Parsed 10/20 rows from PublicTest
[2026-03-17 14:55:21] Parsed 20/20 rows from PublicTest
[2026-03-17 14:55:21] Parsed 10/20 rows from PrivateTest
[2026-03-17 14:55:21] Parsed 20/20 rows from PrivateTest
[2026-03-17 14:55:21] Dataset summary printed
[2026-03-17 14:55:21] Running correctness checks
[2026-03-17 14:55:21] Correctness check for numpy: max_abs_diff=0.000000e+00, max_rel_diff=0.000000e+00
[2026-03-17 14:55:21] Correctness check for numba: max_abs_diff=5.960464e-08, max_rel_diff=7.491990e-08
[2026-03-17 14:55:21] Benchmarking HOG implementations on 5 training images
[2026-03-17 14:55:22] Extracting training features with numpy
[2026-03-17 14:55:22] HOG train: processed 10/40 images
[2026-03-17 14:55:22] HOG train: processed 20/40 images
[2026-03-17 14:55:22] HOG train: processed 30/40 images
[2026-03-17 14:55:22] HOG train: processed 40/40 images
[2026-03-17 14:55:22] Extracting public test features with numpy
[2026-03-17 14:55:22] HOG public: processed 10/20 images
[2026-03-17 14:55:22] HOG public: processed 20/20 images
[2026-03-17 14:55:22] Extracting private test features with numpy
[2026-03-17 14:55:22] HOG private: processed 10/20 images
[2026-03-17 14:55:22] HOG private: processed 20/20 images
[2026-03-17 14:55:22] Training classifier: linear_svc
[2026-03-17 14:55:23] Evaluating on PublicTest
[2026-03-17 14:55:23] Evaluating on PrivateTest
[2026-03-17 14:55:23] Evaluating on combined test set
[2026-03-17 14:55:23] PublicTest accuracy: 0.3000
[2026-03-17 14:55:23] PrivateTest accuracy: 0.2000
[2026-03-17 14:55:23] Combined accuracy: 0.2500
[2026-03-17 14:55:23] Benchmarks
[2026-03-17 14:55:23] Stage                             Seconds      Items    Sec/Image      Img/Sec
[2026-03-17 14:55:23] ------------------------------------------------------------------------------
[2026-03-17 14:55:23] csv_load:fast                      3.6791                                     
[2026-03-17 14:55:23] hog:baseline                       0.0834          5     0.016684        59.94
[2026-03-17 14:55:23] hog:numpy                          0.0183          5     0.003661       273.14
[2026-03-17 14:55:23] hog:numba                          0.0004          5     0.000070     14231.51
[2026-03-17 14:55:23] feature_train:numpy                0.1484         40     0.003710       269.55
[2026-03-17 14:55:23] feature_public:numpy               0.0734         20     0.003669       272.52
[2026-03-17 14:55:23] feature_private:numpy              0.0737         20     0.003683       271.50
[2026-03-17 14:55:23] classifier_fit:linear_svc          0.7369         40     0.018423        54.28
[2026-03-17 14:55:23] classifier_eval:public             0.0016         20     0.000080     12441.04
[2026-03-17 14:55:23] classifier_eval:private            0.0004         20     0.000020     49195.41
[2026-03-17 14:55:23] classifier_eval:combined           0.0004         40     0.000010     98877.25
[2026-03-17 14:55:23] Pipeline complete
